
getDate("LONG")         February 3, 2001
getDate("FULL","") Saturday, February 3, 2001
getTime("AM/PM")         2001-02-03 00:00:00.0
getTime("AM/PM", "CET") 02/03/2001
getDate()               2001-02-03 00:00:00.0
getDay()                03
getMonth(1)           02
getYear()               2001
isToday()               false
toString()              02/03/2001
getDateAndTime()        02/03/2001 0:00